// Jest Snapshot v1, https://goo.gl/fbAQLP

exports[`<NumberDisplay> snapshot 1`] = `
<div>
  <div>
    <span
      data-testid="number-display"
    >
      1
    </span>
  </div>
</div>
`;
